/workspace/openenv-DGXAI/DRIFTCALL/scripts/train_driftcall_grpo.py:72: UserWarning: WARNING: Unsloth should be imported before [transformers] to ensure all optimizations are applied. Your code may run slower or encounter memory issues without these optimizations.

Please restructure your imports with 'import unsloth' at the top of your file.
  import unsloth  # noqa: F401, E402  # type: ignore[import-untyped]
🦥 Unsloth: Will patch your computer to enable 2x faster free finetuning.
🦥 Unsloth Zoo will now patch everything to make training faster!
[train] stage=1 num_steps=4 hardware=v100
[train] CUDA_VISIBLE_DEVICES=3
[train] load_in_4bit=False (False bypasses the broken bnb-4bit checkpoint)
==((====))==  Unsloth 2026.4.8: Fast Gemma3N patching. Transformers: 5.5.0.
   \\   /|    Tesla V100-SXM2-32GB. Num GPUs = 1. Max memory: 31.733 GB. Platform: Linux.
O^O/ \_/ \    Torch: 2.10.0+cu128. CUDA: 7.0. CUDA Toolkit: 12.8. Triton: 3.6.0
\        /    Bfloat16 = FALSE. FA [Xformers = 0.0.35. FA2 = False]
 "-____-"     Free license: http://github.com/unslothai/unsloth
Unsloth: Fast downloading is enabled - ignore downloading bars which are red colored!
Unsloth: Using float16 precision for gemma3n won't work! Using float32.
Unsloth: QLoRA and full finetuning all not selected. Switching to 16bit LoRA.
Fetching 3 files:   0%|          | 0/3 [00:00<?, ?it/s]Fetching 3 files:  33%|███▎      | 1/3 [00:58<01:56, 58.35s/it]Fetching 3 files:  67%|██████▋   | 2/3 [01:32<00:44, 44.28s/it]Fetching 3 files: 100%|██████████| 3/3 [01:32<00:00, 30.93s/it]
Traceback (most recent call last):
  File "/workspace/openenv-DGXAI/DRIFTCALL/scripts/train_driftcall_grpo.py", line 1190, in <module>
    raise SystemExit(main())
                     ^^^^^^
  File "/workspace/openenv-DGXAI/DRIFTCALL/scripts/train_driftcall_grpo.py", line 1030, in main
    model, tokenizer = boot_gemma(boot_config)
                       ^^^^^^^^^^^^^^^^^^^^^^^
  File "/workspace/openenv-DGXAI/DRIFTCALL/cells/step_12_gemma_boot.py", line 160, in boot_gemma
    model, tokenizer = FastModel.from_pretrained(
                       ^^^^^^^^^^^^^^^^^^^^^^^^^^
  File "/workspace/openenv-DGXAI/DRIFTCALL/.venv/lib/python3.12/site-packages/unsloth/models/loader.py", line 1464, in from_pretrained
    model, tokenizer = FastBaseModel.from_pretrained(
                       ^^^^^^^^^^^^^^^^^^^^^^^^^^^^^^
  File "/workspace/openenv-DGXAI/DRIFTCALL/.venv/lib/python3.12/site-packages/unsloth/models/vision.py", line 927, in from_pretrained
    model = auto_model.from_pretrained(
            ^^^^^^^^^^^^^^^^^^^^^^^^^^^
  File "/workspace/openenv-DGXAI/DRIFTCALL/.venv/lib/python3.12/site-packages/transformers/models/auto/auto_factory.py", line 387, in from_pretrained
    return model_class.from_pretrained(
           ^^^^^^^^^^^^^^^^^^^^^^^^^^^^
  File "/workspace/openenv-DGXAI/DRIFTCALL/.venv/lib/python3.12/site-packages/transformers/modeling_utils.py", line 4089, in from_pretrained
    model = cls(config, *model_args, **model_kwargs)
            ^^^^^^^^^^^^^^^^^^^^^^^^^^^^^^^^^^^^^^^^
  File "/workspace/openenv-DGXAI/DRIFTCALL/.venv/lib/python3.12/site-packages/transformers/models/gemma3n/modeling_gemma3n.py", line 2165, in __init__
    self.model = Gemma3nModel(config)
                 ^^^^^^^^^^^^^^^^^^^^
  File "/workspace/openenv-DGXAI/DRIFTCALL/.venv/lib/python3.12/site-packages/transformers/models/gemma3n/modeling_gemma3n.py", line 1911, in __init__
    self.vision_tower = AutoModel.from_config(config=config.vision_config)
                        ^^^^^^^^^^^^^^^^^^^^^^^^^^^^^^^^^^^^^^^^^^^^^^^^^^
  File "/workspace/openenv-DGXAI/DRIFTCALL/.venv/lib/python3.12/site-packages/transformers/models/auto/auto_factory.py", line 241, in from_config
    return model_class._from_config(config, **kwargs)
           ^^^^^^^^^^^^^^^^^^^^^^^^^^^^^^^^^^^^^^^^^^
  File "/workspace/openenv-DGXAI/DRIFTCALL/.venv/lib/python3.12/site-packages/transformers/modeling_utils.py", line 1498, in _from_config
    model = cls(config, **kwargs)
            ^^^^^^^^^^^^^^^^^^^^^
  File "/workspace/openenv-DGXAI/DRIFTCALL/.venv/lib/python3.12/site-packages/transformers/models/timm_wrapper/modeling_timm_wrapper.py", line 169, in __init__
    requires_backends(self, ["vision", "timm"])
  File "/workspace/openenv-DGXAI/DRIFTCALL/.venv/lib/python3.12/site-packages/transformers/utils/import_utils.py", line 2021, in requires_backends
    raise ImportError("".join(failed))
ImportError: 
TimmWrapperModel requires the timm library but it was not found in your environment. You can install it with pip:
`pip install timm`. Please note that you may need to restart your runtime after installation.

